[2023-07-28 12:44:35] [marian] Marian v1.11.0 f00d062 2022-02-08 08:39:24 -0800
[2023-07-28 12:44:35] [marian] Running on node05.datos.cluster.uy as process 6957 with command line:
[2023-07-28 12:44:35] [marian] /marian/build/marian --type s2s --devices 0 --train-sets /docker/home/marianmt/artifacts/data/train/train_gn.txt.gn /docker/home/marianmt/artifacts/data/train/train_es.txt.es --model /docker/home/marianmt/artifacts/models/model_lvl2_grid_gn_es_s2s_from16_to18/lvl2_grid_gn_es_s2s_from16_to18_max-length_250.npz --after-epochs 10 --valid-freq 50000000 --vocabs /docker/home/marianmt/artifacts/data/vocabulary/gn_unique_tokens_gridlvl2.txt.gn.spm /docker/home/marianmt/artifacts/data/vocabulary/es_unique_tokens_gridlvl2.txt.es.spm --seed 1234 --cpu-threads 0 --log /docker/home/marianmt/logs/marian/log_lvl2_grid_gn_es_s2s_from16_to18.log --valid-log /docker/home/marianmt/logs/marian/valid_log_lvl2_grid_gn_es_s2s_from16_to18.log --valid-sets /docker/home/marianmt/artifacts/data/validation/valid_gn.txt.gn /docker/home/marianmt/artifacts/data/validation/valid_es.txt.es --valid-metrics translation --valid-translation-output /docker/home/marianmt/evaluation/decoded_grid_gn_es_s2s_from16_to18.txt --quiet-translation --overwrite --early-stopping 1000 --fp16 --tied-embeddings-all --workspace 5500 --mini-batch-fit --dim-vocabs 16384 16384 --max-length-crop --max-length 250
[2023-07-28 12:44:35] [config] after: 0e
[2023-07-28 12:44:35] [config] after-batches: 0
[2023-07-28 12:44:35] [config] after-epochs: 10
[2023-07-28 12:44:35] [config] all-caps-every: 0
[2023-07-28 12:44:35] [config] allow-unk: false
[2023-07-28 12:44:35] [config] authors: false
[2023-07-28 12:44:35] [config] beam-size: 12
[2023-07-28 12:44:35] [config] bert-class-symbol: "[CLS]"
[2023-07-28 12:44:35] [config] bert-mask-symbol: "[MASK]"
[2023-07-28 12:44:35] [config] bert-masking-fraction: 0.15
[2023-07-28 12:44:35] [config] bert-sep-symbol: "[SEP]"
[2023-07-28 12:44:35] [config] bert-train-type-embeddings: true
[2023-07-28 12:44:35] [config] bert-type-vocab-size: 2
[2023-07-28 12:44:35] [config] build-info: ""
[2023-07-28 12:44:35] [config] check-gradient-nan: false
[2023-07-28 12:44:35] [config] check-nan: false
[2023-07-28 12:44:35] [config] cite: false
[2023-07-28 12:44:35] [config] clip-norm: 1
[2023-07-28 12:44:35] [config] cost-scaling:
[2023-07-28 12:44:35] [config]   - 256.f
[2023-07-28 12:44:35] [config]   - 1000
[2023-07-28 12:44:35] [config]   - 2.f
[2023-07-28 12:44:35] [config]   - 256.f
[2023-07-28 12:44:35] [config] cost-type: ce-sum
[2023-07-28 12:44:35] [config] cpu-threads: 0
[2023-07-28 12:44:35] [config] data-threads: 8
[2023-07-28 12:44:35] [config] data-weighting: ""
[2023-07-28 12:44:35] [config] data-weighting-type: sentence
[2023-07-28 12:44:35] [config] dec-cell: gru
[2023-07-28 12:44:35] [config] dec-cell-base-depth: 2
[2023-07-28 12:44:35] [config] dec-cell-high-depth: 1
[2023-07-28 12:44:35] [config] dec-depth: 1
[2023-07-28 12:44:35] [config] devices:
[2023-07-28 12:44:35] [config]   - 0
[2023-07-28 12:44:35] [config] dim-emb: 512
[2023-07-28 12:44:35] [config] dim-rnn: 1024
[2023-07-28 12:44:35] [config] dim-vocabs:
[2023-07-28 12:44:35] [config]   - 16384
[2023-07-28 12:44:35] [config]   - 16384
[2023-07-28 12:44:35] [config] disp-first: 0
[2023-07-28 12:44:35] [config] disp-freq: 1000u
[2023-07-28 12:44:35] [config] disp-label-counts: true
[2023-07-28 12:44:35] [config] dropout-rnn: 0
[2023-07-28 12:44:35] [config] dropout-src: 0
[2023-07-28 12:44:35] [config] dropout-trg: 0
[2023-07-28 12:44:35] [config] dump-config: ""
[2023-07-28 12:44:35] [config] dynamic-gradient-scaling:
[2023-07-28 12:44:35] [config]   []
[2023-07-28 12:44:35] [config] early-stopping: 1000
[2023-07-28 12:44:35] [config] early-stopping-on: first
[2023-07-28 12:44:35] [config] embedding-fix-src: false
[2023-07-28 12:44:35] [config] embedding-fix-trg: false
[2023-07-28 12:44:35] [config] embedding-normalization: false
[2023-07-28 12:44:35] [config] embedding-vectors:
[2023-07-28 12:44:35] [config]   []
[2023-07-28 12:44:35] [config] enc-cell: gru
[2023-07-28 12:44:35] [config] enc-cell-depth: 1
[2023-07-28 12:44:35] [config] enc-depth: 1
[2023-07-28 12:44:35] [config] enc-type: bidirectional
[2023-07-28 12:44:35] [config] english-title-case-every: 0
[2023-07-28 12:44:35] [config] exponential-smoothing: 0
[2023-07-28 12:44:35] [config] factor-weight: 1
[2023-07-28 12:44:35] [config] factors-combine: sum
[2023-07-28 12:44:35] [config] factors-dim-emb: 0
[2023-07-28 12:44:35] [config] gradient-checkpointing: false
[2023-07-28 12:44:35] [config] gradient-norm-average-window: 100
[2023-07-28 12:44:35] [config] guided-alignment: none
[2023-07-28 12:44:35] [config] guided-alignment-cost: mse
[2023-07-28 12:44:35] [config] guided-alignment-weight: 0.1
[2023-07-28 12:44:35] [config] ignore-model-config: false
[2023-07-28 12:44:35] [config] input-types:
[2023-07-28 12:44:35] [config]   []
[2023-07-28 12:44:35] [config] interpolate-env-vars: false
[2023-07-28 12:44:35] [config] keep-best: false
[2023-07-28 12:44:35] [config] label-smoothing: 0
[2023-07-28 12:44:35] [config] layer-normalization: false
[2023-07-28 12:44:35] [config] learn-rate: 0.0001
[2023-07-28 12:44:35] [config] lemma-dependency: ""
[2023-07-28 12:44:35] [config] lemma-dim-emb: 0
[2023-07-28 12:44:35] [config] log: /docker/home/marianmt/logs/marian/log_lvl2_grid_gn_es_s2s_from16_to18.log
[2023-07-28 12:44:35] [config] log-level: info
[2023-07-28 12:44:35] [config] log-time-zone: ""
[2023-07-28 12:44:35] [config] logical-epoch:
[2023-07-28 12:44:35] [config]   - 1e
[2023-07-28 12:44:35] [config]   - 0
[2023-07-28 12:44:35] [config] lr-decay: 0
[2023-07-28 12:44:35] [config] lr-decay-freq: 50000
[2023-07-28 12:44:35] [config] lr-decay-inv-sqrt:
[2023-07-28 12:44:35] [config]   - 0
[2023-07-28 12:44:35] [config] lr-decay-repeat-warmup: false
[2023-07-28 12:44:35] [config] lr-decay-reset-optimizer: false
[2023-07-28 12:44:35] [config] lr-decay-start:
[2023-07-28 12:44:35] [config]   - 10
[2023-07-28 12:44:35] [config]   - 1
[2023-07-28 12:44:35] [config] lr-decay-strategy: epoch+stalled
[2023-07-28 12:44:35] [config] lr-report: false
[2023-07-28 12:44:35] [config] lr-warmup: 0
[2023-07-28 12:44:35] [config] lr-warmup-at-reload: false
[2023-07-28 12:44:35] [config] lr-warmup-cycle: false
[2023-07-28 12:44:35] [config] lr-warmup-start-rate: 0
[2023-07-28 12:44:35] [config] max-length: 250
[2023-07-28 12:44:35] [config] max-length-crop: true
[2023-07-28 12:44:35] [config] max-length-factor: 3
[2023-07-28 12:44:35] [config] maxi-batch: 100
[2023-07-28 12:44:35] [config] maxi-batch-sort: trg
[2023-07-28 12:44:35] [config] mini-batch: 64
[2023-07-28 12:44:35] [config] mini-batch-fit: true
[2023-07-28 12:44:35] [config] mini-batch-fit-step: 10
[2023-07-28 12:44:35] [config] mini-batch-round-up: true
[2023-07-28 12:44:35] [config] mini-batch-track-lr: false
[2023-07-28 12:44:35] [config] mini-batch-warmup: 0
[2023-07-28 12:44:35] [config] mini-batch-words: 0
[2023-07-28 12:44:35] [config] mini-batch-words-ref: 0
[2023-07-28 12:44:35] [config] model: /docker/home/marianmt/artifacts/models/model_lvl2_grid_gn_es_s2s_from16_to18/lvl2_grid_gn_es_s2s_from16_to18_max-length_250.npz
[2023-07-28 12:44:35] [config] multi-loss-type: sum
[2023-07-28 12:44:35] [config] n-best: false
[2023-07-28 12:44:35] [config] no-nccl: false
[2023-07-28 12:44:35] [config] no-reload: false
[2023-07-28 12:44:35] [config] no-restore-corpus: false
[2023-07-28 12:44:35] [config] normalize: 0
[2023-07-28 12:44:35] [config] normalize-gradient: false
[2023-07-28 12:44:35] [config] num-devices: 0
[2023-07-28 12:44:35] [config] optimizer: adam
[2023-07-28 12:44:35] [config] optimizer-delay: 1
[2023-07-28 12:44:35] [config] optimizer-params:
[2023-07-28 12:44:35] [config]   []
[2023-07-28 12:44:35] [config] output-omit-bias: false
[2023-07-28 12:44:35] [config] overwrite: true
[2023-07-28 12:44:35] [config] precision:
[2023-07-28 12:44:35] [config]   - float16
[2023-07-28 12:44:35] [config]   - float32
[2023-07-28 12:44:35] [config] pretrained-model: ""
[2023-07-28 12:44:35] [config] quantize-biases: false
[2023-07-28 12:44:35] [config] quantize-bits: 0
[2023-07-28 12:44:35] [config] quantize-log-based: false
[2023-07-28 12:44:35] [config] quantize-optimization-steps: 0
[2023-07-28 12:44:35] [config] quiet: false
[2023-07-28 12:44:35] [config] quiet-translation: true
[2023-07-28 12:44:35] [config] relative-paths: false
[2023-07-28 12:44:35] [config] right-left: false
[2023-07-28 12:44:35] [config] save-freq: 10000u
[2023-07-28 12:44:35] [config] seed: 1234
[2023-07-28 12:44:35] [config] sentencepiece-alphas:
[2023-07-28 12:44:35] [config]   []
[2023-07-28 12:44:35] [config] sentencepiece-max-lines: 2000000
[2023-07-28 12:44:35] [config] sentencepiece-options: ""
[2023-07-28 12:44:35] [config] sharding: global
[2023-07-28 12:44:35] [config] shuffle: data
[2023-07-28 12:44:35] [config] shuffle-in-ram: false
[2023-07-28 12:44:35] [config] sigterm: save-and-exit
[2023-07-28 12:44:35] [config] skip: false
[2023-07-28 12:44:35] [config] sqlite: ""
[2023-07-28 12:44:35] [config] sqlite-drop: false
[2023-07-28 12:44:35] [config] sync-freq: 200u
[2023-07-28 12:44:35] [config] sync-sgd: false
[2023-07-28 12:44:35] [config] tempdir: /tmp
[2023-07-28 12:44:35] [config] tied-embeddings: false
[2023-07-28 12:44:35] [config] tied-embeddings-all: true
[2023-07-28 12:44:35] [config] tied-embeddings-src: false
[2023-07-28 12:44:35] [config] train-embedder-rank:
[2023-07-28 12:44:35] [config]   []
[2023-07-28 12:44:35] [config] train-sets:
[2023-07-28 12:44:35] [config]   - /docker/home/marianmt/artifacts/data/train/train_gn.txt.gn
[2023-07-28 12:44:35] [config]   - /docker/home/marianmt/artifacts/data/train/train_es.txt.es
[2023-07-28 12:44:35] [config] transformer-aan-activation: swish
[2023-07-28 12:44:35] [config] transformer-aan-depth: 2
[2023-07-28 12:44:35] [config] transformer-aan-nogate: false
[2023-07-28 12:44:35] [config] transformer-decoder-autoreg: self-attention
[2023-07-28 12:44:35] [config] transformer-decoder-dim-ffn: 0
[2023-07-28 12:44:35] [config] transformer-decoder-ffn-depth: 0
[2023-07-28 12:44:35] [config] transformer-depth-scaling: false
[2023-07-28 12:44:35] [config] transformer-dim-aan: 2048
[2023-07-28 12:44:35] [config] transformer-dim-ffn: 2048
[2023-07-28 12:44:35] [config] transformer-dropout: 0
[2023-07-28 12:44:35] [config] transformer-dropout-attention: 0
[2023-07-28 12:44:35] [config] transformer-dropout-ffn: 0
[2023-07-28 12:44:35] [config] transformer-ffn-activation: swish
[2023-07-28 12:44:35] [config] transformer-ffn-depth: 2
[2023-07-28 12:44:35] [config] transformer-guided-alignment-layer: last
[2023-07-28 12:44:35] [config] transformer-heads: 8
[2023-07-28 12:44:35] [config] transformer-no-projection: false
[2023-07-28 12:44:35] [config] transformer-pool: false
[2023-07-28 12:44:35] [config] transformer-postprocess: dan
[2023-07-28 12:44:35] [config] transformer-postprocess-emb: d
[2023-07-28 12:44:35] [config] transformer-postprocess-top: ""
[2023-07-28 12:44:35] [config] transformer-preprocess: ""
[2023-07-28 12:44:35] [config] transformer-tied-layers:
[2023-07-28 12:44:35] [config]   []
[2023-07-28 12:44:35] [config] transformer-train-position-embeddings: false
[2023-07-28 12:44:35] [config] tsv: false
[2023-07-28 12:44:35] [config] tsv-fields: 0
[2023-07-28 12:44:35] [config] type: s2s
[2023-07-28 12:44:35] [config] ulr: false
[2023-07-28 12:44:35] [config] ulr-dim-emb: 0
[2023-07-28 12:44:35] [config] ulr-dropout: 0
[2023-07-28 12:44:35] [config] ulr-keys-vectors: ""
[2023-07-28 12:44:35] [config] ulr-query-vectors: ""
[2023-07-28 12:44:35] [config] ulr-softmax-temperature: 1
[2023-07-28 12:44:35] [config] ulr-trainable-transformation: false
[2023-07-28 12:44:35] [config] unlikelihood-loss: false
[2023-07-28 12:44:35] [config] valid-freq: 50000000
[2023-07-28 12:44:35] [config] valid-log: /docker/home/marianmt/logs/marian/valid_log_lvl2_grid_gn_es_s2s_from16_to18.log
[2023-07-28 12:44:35] [config] valid-max-length: 1000
[2023-07-28 12:44:35] [config] valid-metrics:
[2023-07-28 12:44:35] [config]   - translation
[2023-07-28 12:44:35] [config] valid-mini-batch: 32
[2023-07-28 12:44:35] [config] valid-reset-stalled: false
[2023-07-28 12:44:35] [config] valid-script-args:
[2023-07-28 12:44:35] [config]   []
[2023-07-28 12:44:35] [config] valid-script-path: ""
[2023-07-28 12:44:35] [config] valid-sets:
[2023-07-28 12:44:35] [config]   - /docker/home/marianmt/artifacts/data/validation/valid_gn.txt.gn
[2023-07-28 12:44:35] [config]   - /docker/home/marianmt/artifacts/data/validation/valid_es.txt.es
[2023-07-28 12:44:35] [config] valid-translation-output: /docker/home/marianmt/evaluation/decoded_grid_gn_es_s2s_from16_to18.txt
[2023-07-28 12:44:35] [config] version: v1.11.0 f00d062 2022-02-08 08:39:24 -0800
[2023-07-28 12:44:35] [config] vocabs:
[2023-07-28 12:44:35] [config]   - /docker/home/marianmt/artifacts/data/vocabulary/gn_unique_tokens_gridlvl2.txt.gn.spm
[2023-07-28 12:44:35] [config]   - /docker/home/marianmt/artifacts/data/vocabulary/es_unique_tokens_gridlvl2.txt.es.spm
[2023-07-28 12:44:35] [config] word-penalty: 0
[2023-07-28 12:44:35] [config] word-scores: false
[2023-07-28 12:44:35] [config] workspace: 5500
[2023-07-28 12:44:35] [config] Loaded model has been created with Marian v1.11.0 f00d062 2022-02-08 08:39:24 -0800
[2023-07-28 12:44:35] [MPI rank 0 out of 1]: GPU[0]
[2023-07-28 12:44:35] [training] Using single-device training
[2023-07-28 12:44:35] Synced seed 1234
[2023-07-28 12:44:35] [data] Loading SentencePiece vocabulary from file /docker/home/marianmt/artifacts/data/vocabulary/gn_unique_tokens_gridlvl2.txt.gn.spm
[2023-07-28 12:44:35] [data] Setting vocabulary size for input 0 to 16,384
[2023-07-28 12:44:35] [data] Loading SentencePiece vocabulary from file /docker/home/marianmt/artifacts/data/vocabulary/es_unique_tokens_gridlvl2.txt.es.spm
[2023-07-28 12:44:35] [data] Setting vocabulary size for input 1 to 16,384
[2023-07-28 12:44:35] [batching] Collecting statistics for batch fitting with step size 10
[2023-07-28 12:44:35] [MPI rank 0 out of 1]: GPU[0]
[2023-07-28 12:44:35] Training with cost scaling - factor: 256, frequency: 1000, multiplier: 2, minimum: 256
[2023-07-28 12:44:36] [memory] Extending reserved space to 5504 MB (device gpu0)
[2023-07-28 12:44:37] [comm] Using NCCL 2.8.3 for GPU communication
[2023-07-28 12:44:37] [comm] Using global sharding
[2023-07-28 12:44:37] [comm] NCCLCommunicators constructed successfully
[2023-07-28 12:44:37] [training] Using 3 GPUs
[2023-07-28 12:44:37] [logits] Applying loss function for 1 factor(s)
[2023-07-28 12:44:37] [memory] Reserving 80 MB, device gpu0
[2023-07-28 12:44:38] [gpu] 16-bit TensorCores enabled for float32 matrix operations
[2023-07-28 12:44:38] [memory] Reserving 80 MB, device gpu0
slurmstepd: error: *** JOB 2910874 ON node05 CANCELLED AT 2023-07-28T12:45:54 DUE TO TIME LIMIT ***
